[backblue.gif]
[fade.gif]
[index.html]
[sitetest1.roblonium.com/index.html]
[sitetest1.roblonium.com/Landing/Animated.html]
[sitetest1.roblonium.com/roblonium.css]
[sitetest1.roblonium.com/roblonium1.css]
[sitetest1.roblonium.com/Testing/Style.css]
[sitetest1.roblonium.com/favicon.ico]
[ajax.aspnetcdn.com/ajax/jQuery/jquery-1.7.2.min.js]
[sitetest1.roblonium.com/js/jquery/jquery-1.7.2.min.js]
[ajax.aspnetcdn.com/ajax/4.0/1/WebForms.js]
[ajax.aspnetcdn.com/ajax/4.0/1/MicrosoftAjax.js]
[sitetest1.roblonium.com/js/Microsoft/MicrosoftAjax.js]
[ajax.aspnetcdn.com/ajax/4.0/1/MicrosoftAjaxWebForms.js]
[sitetest1.roblonium.com/js/roblox.js]
[sitetest1.roblonium.com/js/widgets.js]
[sitetest1.roblonium.com/js/modules/Pages/Catalog.js]
[sitetest1.roblonium.com/js/modules/Pages/CatalogShared.js]
[sitetest1.roblonium.com/js/modules/Pages/Messages.js]
[sitetest1.roblonium.com/js/modules/Resources/Messages.js]
[sitetest1.roblonium.com/js/modules/Widgets/AvatarImage.js]
[sitetest1.roblonium.com/js/modules/Widgets/DropdownMenu.js]
[sitetest1.roblonium.com/js/modules/Widgets/GroupImage.js]
[sitetest1.roblonium.com/js/modules/Widgets/HierarchicalDropdown.js]
[sitetest1.roblonium.com/js/modules/Widgets/ItemImage.js]
[sitetest1.roblonium.com/js/modules/Widgets/PlaceImage.js]
[sitetest1.roblonium.com/js/modules/Widgets/SurveyModal.js]
[sitetest1.roblonium.com/js/ImageControl.js]
[sitetest1.roblonium.com/js/DataPager.js]
[sitetest1.roblonium.com/js/Pageabe1.js]
[sitetest1.roblonium.com/js/Chat.js]
[sitetest1.roblonium.com/js/RobloxJsonCookie.js]
[sitetest1.roblonium.com/js/jquery-extensions.js]
[sitetest1.roblonium.com/js/GPTAdScript.js]
[sitetest1.roblonium.com/js/jquery.json-2.2.js]
[sitetest1.roblonium.com/js/jquery.simplemodal-1.3.5.js]
[sitetest1.roblonium.com/js/jquery.tipsy.js]
[sitetest1.roblonium.com/js/AjaxAvatarThumbnail.js]
[sitetest1.roblonium.com/js/Extensions/string.js]
[sitetest1.roblonium.com/js/StringTruncator.min.js]
[sitetest1.roblonium.com/js/json2.min.js]
[sitetest1.roblonium.com/js/webkit.js]
[sitetest1.roblonium.com/js/GoogleAnalytics/GoogleAnalyticsEvents.js]
[sitetest1.roblonium.com/js/MasterPageUI.js]
[sitetest1.roblonium.com/js/jquery.cookie.js]
[sitetest1.roblonium.com/js/jquery.jsoncookie.js]
[sitetest1.roblonium.com/js/JSErrorTracker.js]
[sitetest1.roblonium.com/js/XsrfToken.js]
[sitetest1.roblonium.com/js/RobloxEventManager.js]
[sitetest1.roblonium.com/js/RobloxEventListener.js]
[sitetest1.roblonium.com/js/KontagentEventListener.js]
[sitetest1.roblonium.com/js/GoogleEventListener.js]
[sitetest1.roblonium.com/js/MongoEventListener.js]
[sitetest1.roblonium.com/js/SiteTouchEvent.js]
[sitetest1.roblonium.com/js/DropDownNav.js]
[sitetest1.roblonium.com/js/jquery.filter_input.js]
[sitetest1.roblonium.com/js/flot/excanvas.min.js]
[sitetest1.roblonium.com/js/flot/jquery.flot.js]
[sitetest1.roblonium.com/js/flot/jquery.flot.time.js]
[sitetest1.roblonium.com/js/flot/jquery.flot.categories.js]
[sitetest1.roblonium.com/js/flot/FlotChart.js]
[sitetest1.roblonium.com/js/flot/FlotGraphing.js]
[sitetest1.roblonium.com/js/NumberFormatting.js]
[sitetest1.roblonium.com/js/MyMoney.js]
[sitetest1.roblonium.com/js/jquery/jquery.address-1.5.min.js]
[sitetest1.roblonium.com/js/utilities/dialog.js]
[sitetest1.roblonium.com/js/utilities/popover.js]
[sitetest1.roblonium.com/js/Trade/InventoryItem.js]
[sitetest1.roblonium.com/js/Trade/TradeRequest.js]
[sitetest1.roblonium.com/js/common/deviceMeta.js]
[sitetest1.roblonium.com/js/My/MyItem.js]
[sitetest1.roblonium.com/js/PageStyleNotifications.js]
[sitetest1.roblonium.com/js/YouTube/RobloxYouTube.js]
[sitetest1.roblonium.com/js/EventTracker.js]
[sitetest1.roblonium.com/js/ClientInstaller.js]
[sitetest1.roblonium.com/js/InstallationInstructions.js]
[sitetest1.roblonium.com/js/IEMetroInstructions.js]
[sitetest1.roblonium.com/js/RobloxCookies.js]
[sitetest1.roblonium.com/js/Sets/SetsPane.js]
[sitetest1.roblonium.com/js/ItemPurchase.js]
[sitetest1.roblonium.com/js/My/Character.js]
[sitetest1.roblonium.com/js/Outfits.js]
[sitetest1.roblonium.com/js/widgets/tabs.js]
[sitetest1.roblonium.com/js/GenericModal.js]
[sitetest1.roblonium.com/js/widgets/jquery.mCustomScrollbar.concat.min.js]
[sitetest1.roblonium.com/js/GenericConfirmation.js]
[sitetest1.roblonium.com/js/extensions/Thumbnails.js]
[sitetest1.roblonium.com/js/extensions/ThreeDeeThumbnails.js]
[sitetest1.roblonium.com/js/Thumbnails/ThumbnailView.js]
[sitetest1.roblonium.com/js/jquery/jquery.address-1.4.min.js]
[sitetest1.roblonium.com/js/GamesDisplay.js]
[sitetest1.roblonium.com/js/Landing/Animation.js]
[sitetest1.roblonium.com/js/Landing/Animated.js]
[sitetest1.roblonium.com/js/SignupFormValidatorGeneric.js]
[sitetest1.roblonium.com/js/Landing/AnimatedLoginFormValidator.js]
[sitetest1.roblonium.com/js/Landing/AnimatedSignupFormValidator.js]
[sitetest1.roblonium.com/CSS/Pages/Accounts/AnimatedSignup.css]
[sitetest1.roblonium.com/CSS/Pages/Landing/Animated.css]
[sitetest1.roblonium.com/CSS/Pages/LandingSignUp.css]
[sitetest1.roblonium.com/Analytics/BadHtmlImage.html]
[sitetest1.roblonium.com/RobloniumDefaultErrorPage1d2b.aspx]
[www.google.com/recaptcha/api.js]
[images.rbxcdn.com/437004fbc01bf6a613547a40aabde10a.jpg]
[images.rbxcdn.com/161d0d393d74c103e5f50eef988b7217.png]
[cdn.discordapp.com/attachments/579328176556343316/740253622922903563/FullGreenWithDash.png]
[sitetest1.roblonium.com/Login/ResetPasswordRequest.aspx]
[www.googleadservices.com/pagead/f.txt]
[sitetest1.roblonium.com/Info/Privacy.6a.delayed]
[sitetest1.roblonium.com/Parents.aspx]
[sitetest1.roblonium.com/Help/Builderman.html]
[sitetest1.roblonium.com/info/terms-of-service.6d.delayed]
[sitetest1.roblonium.com/Landing/Animated.html]
[www.google-analytics.com/urchin.js]
[sitetest1.roblonium.com/images/cssthemes/base/img-robloxlogo.png]
[sitetest1.roblonium.com/images/Icons/MyMoney_fakeborderbg2.png]
[sitetest1.roblonium.com/images/Buttons/btn-buynow_grn_sm_v2.png]
[sitetest1.roblonium.com/images/Buttons/btn-buynow_grn_m_v2.png]
[sitetest1.roblonium.com/images/Buttons/btn-rent-small.png]
[sitetest1.roblonium.com/images/bc_page_icon_sprites5e1f.png]
[sitetest1.roblonium.com/images/Upgrades/BuildersClubBenefitsGrid/paid-access.png]
[sitetest1.roblonium.com/images/Icons/tradeicon5e1f.png]
[sitetest1.roblonium.com/images/buybc/bc_sprites_math_enabled.png]
[sitetest1.roblonium.com/images/buybc/bc_sprites_math_disabled.png]
[sitetest1.roblonium.com/images/BuyBC/bc_lifetime_tbc_lifetime_discount.png]
[sitetest1.roblonium.com/images/BuyBC/bc_lifetime_obc_lifetime_discount.png]
[sitetest1.roblonium.com/images/BuyBC/tbc_lifetime_obc_lifetime_discount.png]
[sitetest1.roblonium.com/images/master_page_image_spritesc660.png]
[sitetest1.roblonium.com/images/catalog_options_back.png]
[sitetest1.roblonium.com/images/accept.png]
[sitetest1.roblonium.com/images/Sets/img-update_available-left.png]
[sitetest1.roblonium.com/images/Sets/bg-drop_down_btn.png]
[sitetest1.roblonium.com/images/friendsbar/friend_dropdownBtn20h.jpg]
[sitetest1.roblonium.com/images/Contests/contestbutton.png]
[sitetest1.roblonium.com/images/Contests/not_checked_box.png]
[sitetest1.roblonium.com/images/Contests/checked_box.png]
[sitetest1.roblonium.com/images/chat/HeaderBarRepeat1x1.jpg]
[sitetest1.roblonium.com/images/chat/HeaderBarRepeat1x1_orange.jpg]
[sitetest1.roblonium.com/images/online.png]
[sitetest1.roblonium.com/images/offline.png]
[sitetest1.roblonium.com/images/Buttons/followme_19h.png]
[sitetest1.roblonium.com/images/Buttons/followme_19h-gray.png]
[sitetest1.roblonium.com/images/friendsbar/tab_white19h_l2.gif]
[sitetest1.roblonium.com/images/friendsbar/tab_white19h_r2.gif]
[sitetest1.roblonium.com/images/friendsbar/tab_blue19h_l.gif]
[sitetest1.roblonium.com/images/friendsbar/tab_blue19h_r.gif]
[sitetest1.roblonium.com/images/cssspecific/rbx2/button_vote.jpg]
[sitetest1.roblonium.com/images/UI/btn-big_silver_tile.png]
[sitetest1.roblonium.com/images/buttons/btn-playnow_big2.png]
[sitetest1.roblonium.com/images/UI/btn-play_this.png]
[sitetest1.roblonium.com/images/btn-logo5e1f.png]
[sitetest1.roblonium.com/images/Icons/img-robux.png]
[sitetest1.roblonium.com/images/Badges/badge_instructions.png]
[sitetest1.roblonium.com/images/Buttons/btn-blue-download_m.png]
[sitetest1.roblonium.com/images/Buttons/btn-green-upload.png]
[sitetest1.roblonium.com/images/Buttons/btn-upgrade_now.png]
[sitetest1.roblonium.com/images/Buttons/bg-rbx_btn_60.png]
[sitetest1.roblonium.com/images/Groups/btn-arrowsprite-up_down.png]
[sitetest1.roblonium.com/images/gamesPage_filterArrow.png]
[sitetest1.roblonium.com/images/Buttons/btn-play_as_boy_AB.png]
[sitetest1.roblonium.com/images/Buttons/btn-play_as_girl_AB.png]
[sitetest1.roblonium.com/images/UI/bg-bubble.png]
[sitetest1.roblonium.com/images/UI/img-check.png]
[sitetest1.roblonium.com/images/BuildPage/img-instructions.png]
[sitetest1.roblonium.com/images/Buttons/btn-updatenow.png]
[sitetest1.roblonium.com/images/Games/CuratedGames/btn_25px_white.png]
[sitetest1.roblonium.com/images/Buttons/btn_25px_blue.png]
[sitetest1.roblonium.com/images/CategoryIcons/CategorySprite.png]
[sitetest1.roblonium.com/images/GenreIcons/GenreIconsSprite.png]
[sitetest1.roblonium.com/images/GenreIcons/FPS.png]
[sitetest1.roblonium.com/images/GenreIcons/RPG.png]
[sitetest1.roblonium.com/images/searchIcon.png]
[sitetest1.roblonium.com/images/icons/overlay_personal_small.png]
[sitetest1.roblonium.com/images/icons/overlay_personal_big.png]
[sitetest1.roblonium.com/images/Buttons/blue_yes2.png]
[sitetest1.roblonium.com/images/Buttons/blue_no.png]
[sitetest1.roblonium.com/images/Buttons/grey_yes.png]
[sitetest1.roblonium.com/images/Buttons/grey_no2.png]
[sitetest1.roblonium.com/images/Groups/blue_arrow_btns_12x12_sprite.png]
[sitetest1.roblonium.com/images/cssspecific/rbx2/standardBox_01_bkg.png]
[sitetest1.roblonium.com/images/Groups/bg-speech_top.png]
[sitetest1.roblonium.com/images/Groups/bg-speech_bottom.png]
[sitetest1.roblonium.com/images/spinners/spinner16x16.gif]
[sitetest1.roblonium.com/images/ProgressIndicator4.gif]
[sitetest1.roblonium.com/images/UI/catalog/bg-27px_silver_btn.png]
[sitetest1.roblonium.com/images/Groups/x_icon_red.png]
[sitetest1.roblonium.com/images/facebook/bg-fblogin_sides.png]
[sitetest1.roblonium.com/images/facebook/bg-fblogin_middle.png]
[sitetest1.roblonium.com/images/btn-login.png]
[sitetest1.roblonium.com/images/Buttons/btn-add_to_game-sm.png]
[sitetest1.roblonium.com/images/Icons/thumbs_up.png]
[sitetest1.roblonium.com/images/UI/img-or_divider.png]
[sitetest1.roblonium.com/images/star.png]
[sitetest1.roblonium.com/images/Buttons/closeBtnCircle_35h.png]
[sitetest1.roblonium.com/images/Buttons/btn-x.png]
[sitetest1.roblonium.com/images/UI/bg-comments-extra-long.png]
[sitetest1.roblonium.com/images/UI/bg-comments-compose-v2.png]
[sitetest1.roblonium.com/images/Buttons/btn_blue_ok_l.png]
[sitetest1.roblonium.com/images/Icons/comment-user-owns-asset.png]
[sitetest1.roblonium.com/images/cssspecific/rbx2/head_infobox_icons.png]
[sitetest1.roblonium.com/images/LandingGames/loginArrow.png]
[sitetest1.roblonium.com/images/LandingGames/login_btn.png]
[sitetest1.roblonium.com/images/LandingGames/video_bg.png]
[sitetest1.roblonium.com/images/LandingGames/crossroads.gif]
[sitetest1.roblonium.com/images/LandingGames/swordfight.gif]
[sitetest1.roblonium.com/images/LandingGames/seeMoreGames.gif]
[sitetest1.roblonium.com/images/LanguageChangeInstructions.jpg]
[sitetest1.roblonium.com/images/AssetIcons/MediaPlayerIcons.png]
[sitetest1.roblonium.com/images/RevisedHeader/bg-main_menu_hover.png]
[sitetest1.roblonium.com/images/RevisedHeader/btn-rbx_logo.png]
[sitetest1.roblonium.com/images/RevisedHeader/bg-rbx_header.png]
[sitetest1.roblonium.com/images/RevisedHeader/bg-icon_sprites.png]
[sitetest1.roblonium.com/images/Buttons/bg-drop_down_arrow.png]
[sitetest1.roblonium.com/images/RevisedHeader/bg-alerts-v2.png]
[sitetest1.roblonium.com/images/RevisedHeader/bg-sub_menu_hover.png]
[sitetest1.roblonium.com/images/cssspecific/rbx2/abuse.png]
[sitetest1.roblonium.com/images/Accounts/img-verified.png]
[sitetest1.roblonium.com/images/Accounts/btn_blue_ok_l.png]
[sitetest1.roblonium.com/images/Icons/roblox-icon-round-tiny.jpg]
[sitetest1.roblonium.com/images/Tickets5e1f.png]
[sitetest1.roblonium.com/images/Parents/collapse_bg.jpg]
[sitetest1.roblonium.com/images/Buttons/gray_arrow.png]
[sitetest1.roblonium.com/images/Buttons/btn-expand_arrow.png]
[sitetest1.roblonium.com/images/comment-arrow.png]
[sitetest1.roblonium.com/images/chat/tab_blue21h_r.png]
[sitetest1.roblonium.com/images/chat/btn_green21h_l.png]
[sitetest1.roblonium.com/images/chat/btn_green21h_r.png]
[sitetest1.roblonium.com/images/chat/btn_green21h_over_l.png]
[sitetest1.roblonium.com/images/chat/btn_green21h_over_r.png]
[sitetest1.roblonium.com/images/chat/btn_red21h_l.png]
[sitetest1.roblonium.com/images/chat/btn_red21h_r.png]
[sitetest1.roblonium.com/images/chat/btn_red21h_over_l.png]
[sitetest1.roblonium.com/images/chat/btn_red21h_over_r.png]
[sitetest1.roblonium.com/images/chat/btn_black21h_l.png]
[sitetest1.roblonium.com/images/chat/btn_black21h_r.png]
[sitetest1.roblonium.com/images/chat/btn_black21h_over_l.png]
[sitetest1.roblonium.com/images/chat/btn_black21h_over_r.png]
[sitetest1.roblonium.com/images/Buttons/btn-x-sm.png]
[sitetest1.roblonium.com/images/img-check.png]
[sitetest1.roblonium.com/images/cssspecific/rbx2/favoriteStar_20h.png]
[sitetest1.roblonium.com/images/BuildSolo2.png]
[sitetest1.roblonium.com/images/EditMode2.png]
[sitetest1.roblonium.com/images/cssspecific/rbx2/icon_public.png]
[sitetest1.roblonium.com/images/Buttons/btn-sign_up-blue-lg.png]
[sitetest1.roblonium.com/images/StyleGuide/I18N_play_now.png]
[sitetest1.roblonium.com/images/buttons/playRoblox01.png]
[sitetest1.roblonium.com/images/buttons/bg-form_btn_lg-tile.png]
[sitetest1.roblonium.com/images/buttons/bg-drop_down_btn.png]
[sitetest1.roblonium.com/images/Buttons/AB-female_character.jpg]
[sitetest1.roblonium.com/images/Buttons/AB-male_character.jpg]
[sitetest1.roblonium.com/images/Buttons/sign_up_small.png]
[sitetest1.roblonium.com/images/Sets/btn-gear_sprite.png]
[sitetest1.roblonium.com/images/Sets/update_available.png]
[sitetest1.roblonium.com/images/UI/btn-login-gray-small.png]
[sitetest1.roblonium.com/images/UI/btn-login_with_fb.png]
[sitetest1.roblonium.com/images/UI/btn-sign_up-mainpage.png]
[sitetest1.roblonium.com/images/UI/btn-submit.png]
[sitetest1.roblonium.com/images/IDE/btn-search_glass.png]
[sitetest1.roblonium.com/images/ide/bg-tab-inactive.png]
[sitetest1.roblonium.com/images/ide/bg-tab-active.png]
[sitetest1.roblonium.com/images/IDE/img-dropdown_arrow.png]
[sitetest1.roblonium.com/images/buttons/btn-make_trade.png]
[sitetest1.roblonium.com/images/buttons/img-trade_icon_green_small.png]
[sitetest1.roblonium.com/images/buttons/img-trade_icon_red_small.png]
[sitetest1.roblonium.com/images/Buttons/yes-gray2.png]
[sitetest1.roblonium.com/images/Buttons/cancel-blue2.png]
[sitetest1.roblonium.com/images/Buttons/btn-small_silver_tile.png]
[sitetest1.roblonium.com/images/Buttons/sendTrade2.png]
[sitetest1.roblonium.com/images/missing_user_asset.png]
[sitetest1.roblonium.com/images/deleted_user_asset.png]
[sitetest1.roblonium.com/images/Buttons/tradeItems.png]
[sitetest1.roblonium.com/images/Sets/blue_arrow_btns_sprite.png]
[sitetest1.roblonium.com/images/Gifting/img-unchecked.png]
[sitetest1.roblonium.com/images/Gifting/img-checked.png]
[sitetest1.roblonium.com/images/Gifting/img-checked-small.png]
[sitetest1.roblonium.com/images/gifting/new/gifting_bc.jpg]
[sitetest1.roblonium.com/images/gifting/new/gifting_tbc.jpg]
[sitetest1.roblonium.com/images/gifting/new/gifting_obc.jpg]
[sitetest1.roblonium.com/images/gifting/new/gifting_anyAmount.jpg]
[sitetest1.roblonium.com/images/gifting/theme-thumb-classic.png]
[sitetest1.roblonium.com/images/gifting/theme-thumb-christmas.png]
[sitetest1.roblonium.com/images/gifting/theme-thumb-justforyou1.png]
[sitetest1.roblonium.com/images/gifting/theme-thumb-justforyou2.png]
[sitetest1.roblonium.com/images/gifting/theme-preview-classic.png]
[sitetest1.roblonium.com/images/gifting/theme-preview-christmas.png]
[sitetest1.roblonium.com/images/gifting/theme-preview-justforyou1.png]
[sitetest1.roblonium.com/images/gifting/theme-preview-justforyou2.png]
[sitetest1.roblonium.com/images/Buttons/btn-purchase_another.png]
[sitetest1.roblonium.com/images/cssspecific/rbx2/tab_white_31h_t1.png]
[sitetest1.roblonium.com/images/cssspecific/rbx2/tab_white_31h_t2.png]
[sitetest1.roblonium.com/images/cssspecific/rbx2/tab_black_33h_t1.png]
[sitetest1.roblonium.com/images/cssspecific/rbx2/tab_gray_33h_t1.png]
[sitetest1.roblonium.com/images/cssspecific/rbx2/tab_black_33h_t2.png]
[sitetest1.roblonium.com/images/cssspecific/rbx2/tab_gray_33h_t2.png]
[sitetest1.roblonium.com/images/cssspecific/rbx2/tab_white_26h_t1.png]
[sitetest1.roblonium.com/images/cssspecific/rbx2/tab_white_26h_t2.png]
[sitetest1.roblonium.com/images/btn_green_30h_t1.png]
[sitetest1.roblonium.com/images/btn_green_30h_t2.png]
[sitetest1.roblonium.com/images/Buttons/btn_red_40h_t1.png]
[sitetest1.roblonium.com/images/Buttons/btn_red_40h_t2.png]
[sitetest1.roblonium.com/images/arrow_skinny55h_right.png]
[sitetest1.roblonium.com/images/arrow_skinny55h_left.png]
[sitetest1.roblonium.com/images/Games/gamesPage_bcHelmet.png]
[sitetest1.roblonium.com/images/bg-notifications.png]
[sitetest1.roblonium.com/images/VideoPreRoll/btn-buildersclub.png]
[sitetest1.roblonium.com/images/StyleGuide/btn-control-small-tile.png]
[sitetest1.roblonium.com/images/StyleGuide/btn-control-medium-tile.png]
[sitetest1.roblonium.com/images/StyleGuide/btn-control-large-tile.png]
[sitetest1.roblonium.com/images/Buttons/StyleGuide/bg-btn-green.png]
[sitetest1.roblonium.com/images/Buttons/StyleGuide/bg-btn-blue.png]
[sitetest1.roblonium.com/images/Buttons/StyleGuide/bg-btn-gray.png]
[sitetest1.roblonium.com/images/Buttons/StyleGuide/bg-lg-green-play.png]
[sitetest1.roblonium.com/images/Buttons/StyleGuide/bg-btn-blue-arrow-md.png]
[sitetest1.roblonium.com/images/Buttons/StyleGuide/bg-btn-gray-arrow-md.png]
[sitetest1.roblonium.com/images/Buttons/Arrows/btn-silver-left-27.png]
[sitetest1.roblonium.com/images/Buttons/Arrows/btn-silver-right-27.png]
[sitetest1.roblonium.com/images/BuildPage/btn-gear_sprite_27px.png]
[sitetest1.roblonium.com/images/Tickets.png]
[sitetest1.roblonium.com/images/Buttons/questionmark-12x12.png]
[sitetest1.roblonium.com/images/GamesPage/arrow_left.png]
[sitetest1.roblonium.com/images/GamesPage/arrow_right.png]
[sitetest1.roblonium.com/images/cssspecific/rbx2/head_sign.png]
[sitetest1.roblonium.com/RobloniumDiscord.png]
[sitetest1.roblonium.com/images/Logo/logo_O_01302017.140.delayed]
[sitetest1.roblonium.com/roblonium.css]
[sitetest1.roblonium.com/images/ui/error/btn-return_home.png]
[sitetest1.roblonium.com/images/ui/error/btn-go_to_previous.png]
[sitetest1.roblonium.com/images/RobloxUI/ui-bg_flat_100_ffffff_40x100.png]
[sitetest1.roblonium.com/images/RobloxUI/ui-bg_gloss-wave_0_ffffff_500x100.png]
[sitetest1.roblonium.com/images/RobloxUI/ui-bg_flat_100_d6d6d6_40x100.png]
[sitetest1.roblonium.com/images/RobloxUI/ui-bg_flat_75_e5effa_40x100.png]
[sitetest1.roblonium.com/images/RobloxUI/ui-bg_flat_100_fae5e5_40x100.png]
[sitetest1.roblonium.com/images/RobloxUI/ui-icons_222222_256x240.png]
[sitetest1.roblonium.com/images/RobloxUI/ui-icons_ffffff_256x240.png]
[sitetest1.roblonium.com/images/RobloxUI/ui-icons_363636_256x240.png]
[sitetest1.roblonium.com/images/RobloxUI/ui-icons_228ef1_256x240.png]
[sitetest1.roblonium.com/images/RobloxUI/ui-icons_ffd27a_256x240.png]
[sitetest1.roblonium.com/images/RobloxUI/ui-bg_diagonals-thick_20_666666_40x40.png]
[sitetest1.roblonium.com/images/RobloxUI/ui-bg_flat_10_000000_40x100.png]
[sitetest1.roblonium.com/images/RobloxUI/bg-silver_bar.png]
[sitetest1.roblonium.com/images/RobloxUI/btn-silver-left-27.png]
[sitetest1.roblonium.com/images/RobloxUI/btn-silver-right-27.png]
[sitetest1.roblonium.com/images/RobloxUI/bg-slider-selected.png]
[sitetest1.roblonium.com/images/RobloxUI/bg-progress_bar.png]
[sitetest1.roblonium.com/roblonium1.css]
[sitetest1.roblonium.com/Testing/TestServer.png]
[sitetest1.roblonium.com/Testing/Style.css]
[sitetest1.roblonium.com/CSS/Pages/Accounts/AnimatedSignup.css]
[sitetest1.roblonium.com/images/Landing/bluepixel.png]
[sitetest1.roblonium.com/CSS/Pages/Landing/Animated.css]
[sitetest1.roblonium.com/CSS/Pages/LandingSignUp.css]
[sitetest1.roblonium.com/Analytics/BadHtmlImage.html]
[sitetest1.roblonium.com/RobloniumDefaultErrorPage1d2b.html]
[sitetest1.roblonium.com/Login/ResetPasswordRequest.html]
[sitetest1.roblonium.com/Info/Privacy.html]
[sitetest1.roblonium.com/Parents.html]
[archive.org/includes/analytics2a5b.js]
[sitetest1.roblonium.com/static/js/ait-client-rewrite1c3b.js]
[sitetest1.roblonium.com/static/js/wbhack1c3b.js]
[sitetest1.roblonium.com/static/css/banner-styles1c3b.css]
[sitetest1.roblonium.com/static/css/iconochive1c3b.css]
[sitetest1.roblonium.com/static/js/timestamp1c3b.js]
[sitetest1.roblonium.com/static/js/graph-calc1c3b.js]
[sitetest1.roblonium.com/static/js/auto-complete1c3b.js]
[sitetest1.roblonium.com/static/js/toolbar1c3b.js]
[sitetest1.roblonium.com/static/images/toolbar/wayback-toolbar-logo.png]
[sitetest1.roblonium.com/web/index.html]
[sitetest1.roblonium.com/static/images/toolbar/wm_tb_prv_on.png]
[sitetest1.roblonium.com/static/images/toolbar/wm_tb_nxt_on.png]
[sitetest1.roblonium.com/web/20130502113918_/http_/www.roblox.com/Help/Builderman.aspx]
[sitetest1.roblonium.com/static/images/loading.gif]
[sitetest1.roblonium.com/ScriptResourceeca2.html]
[sitetest1.roblonium.com/UserLanguage/LanguageRedirect88cd]
[sitetest1.roblonium.com/all-games]
[sitetest1.roblonium.com/building-games]
[sitetest1.roblonium.com/horror-games]
[sitetest1.roblonium.com/town-and-city-games]
[sitetest1.roblonium.com/military-games]
[sitetest1.roblonium.com/comedy-games]
[sitetest1.roblonium.com/medieval-games]
[sitetest1.roblonium.com/adventure-games]
[sitetest1.roblonium.com/sci-fi-games]
[sitetest1.roblonium.com/naval-games]
[sitetest1.roblonium.com/fps-games]
[sitetest1.roblonium.com/rpg-games]
[sitetest1.roblonium.com/sports-games]
[sitetest1.roblonium.com/fighting-games]
[sitetest1.roblonium.com/western-games]
[sitetest1.roblonium.com/images/Roblonium_Studio_By_Lemur.png]
[imagesak.roblox.com/e998fb4c03e8c2e30792f2f3436e9416.gif]
[sitetest1.roblonium.com/Upgrades/BuildersClubMembershipse1c3.aspx]
[sitetest1.roblonium.com/install/unsupported.aspx]
[sitetest1.roblonium.com/Help/Builderman.html]
[sitetest1.roblonium.com/info/terms-of-service.html]
[sitetest1.roblonium.com/images/arrow_skinny55h_right.html]
[sitetest1.roblonium.com/images/arrow_skinny55h_left.html]
[sitetest1.roblonium.com/images/bg-notifications.html]
[sitetest1.roblonium.com/images/Logo/logo_O_01302017.html]
[analytics.archive.org/0.gif]
[archive.org/includes/analytics2a5b.js]
[sitetest1.roblonium.com/static/js/ait-client-rewrite1c3b.html]
[sitetest1.roblonium.com/static/js/wbhack1c3b.html]
[sitetest1.roblonium.com/static/css/banner-styles1c3b.html]
[sitetest1.roblonium.com/static/css/iconochive1c3b.html]
[sitetest1.roblonium.com/static/js/timestamp1c3b.html]
[sitetest1.roblonium.com/static/js/graph-calc1c3b.html]
[sitetest1.roblonium.com/static/js/auto-complete1c3b.html]
[sitetest1.roblonium.com/static/js/toolbar1c3b.html]
[sitetest1.roblonium.com/web/index.html]
[sitetest1.roblonium.com/static/images/toolbar/wayback-toolbar-logo.html]
[sitetest1.roblonium.com/static/images/toolbar/wm_tb_prv_on.html]
[sitetest1.roblonium.com/static/images/toolbar/wm_tb_nxt_on.html]
[sitetest1.roblonium.com/web/20130502113918_/http_/www.roblox.com/Help/Builderman.html]
[sitetest1.roblonium.com/static/images/loading.html]
[sitetest1.roblonium.com/event.srcElement]
[sitetest1.roblonium.com/ScriptResourceeca2.html]
[sitetest1.roblonium.com/UserLanguage/LanguageRedirect88cd.html]
[sitetest1.roblonium.com/all-games.html]
[sitetest1.roblonium.com/building-games.html]
[sitetest1.roblonium.com/horror-games.html]
[sitetest1.roblonium.com/town-and-city-games.html]
[sitetest1.roblonium.com/military-games.html]
[sitetest1.roblonium.com/comedy-games.html]
[sitetest1.roblonium.com/medieval-games.html]
[sitetest1.roblonium.com/adventure-games.html]
[sitetest1.roblonium.com/sci-fi-games.html]
[sitetest1.roblonium.com/naval-games.html]
[sitetest1.roblonium.com/fps-games.html]
[sitetest1.roblonium.com/rpg-games.html]
[sitetest1.roblonium.com/sports-games.html]
[sitetest1.roblonium.com/fighting-games.html]
[sitetest1.roblonium.com/western-games.html]
[jsak.roblox.com/2e072412af6d697c97ed8c485a983dcb.html]
[jsak.roblox.com/e9724bc11c59b5cc6f16b4f82f2d5269.html]
[sitetest1.roblonium.com/Upgrades/BuildersClubMembershipse1c3.html]
[sitetest1.roblonium.com/install/unsupported.html]
[jsak.roblox.com/72bf84e03aab648224ca57309dd96e74.html]
[sitetest1.roblonium.com/event.html]
