[timeblox.me/index.html]
[timeblox.me/AllCSS.css]
[timeblox.me/favicon.ico]
[backblue.gif]
[fade.gif]
[index.html]
[code.jquery.com/jquery-3.1.0.min.js]
[timeblox.me/login.html]
[timeblox.me/roblox_logo.png]
[timeblox.me/games.html]
[timeblox.me/BannerPlay.png]
[timeblox.me/user.9.delayed]
[timeblox.me/loginde73.html]
[timeblox.me/catalog.html]
[timeblox.me/people.html]
[timeblox.me/forums/main.html]
[timeblox.me/blog/index.html]
[timeblox.me/index-2.html]
[timeblox.me/rejestracja.html]
[timeblox.me/Login/ResetPasswordRequest.11.delayed]
[timeblox.me/NewFrontPageGuy.png]
[timeblox.me/Login/New.14650a.delayed]
[timeblox.me/PlayNowGreenFader.gif]
[timeblox.me/Parents.16.delayed]
[timeblox.me/COPPASeal-125x125.jpg]
[timeblox.me/tos.18.delayed]
[timeblox.me/index.html]
[timeblox.me/Banner.jpg]
[timeblox.me/Badges/Administrator-75x75.1a.delayed]
[timeblox.me/Badges/ForumModerator-75x75.1b.delayed]
[timeblox.me/Badges/ImageModerator-75x75.1c.delayed]
[timeblox.me/Badges/Friendship-75x75.1d.delayed]
[timeblox.me/Badges/Inviter-75x75.1e.delayed]
[timeblox.me/Badges/CombatInitiation-75x75.1f.delayed]
[timeblox.me/Badges/Warrior-75x75.20.delayed]
[timeblox.me/Badges/Bloxxer-75x75.21.delayed]
[timeblox.me/Badges/Homestead-70x75.22.delayed]
[timeblox.me/Badges/Bricksmith-54x75.23.delayed]
[timeblox.me/BuildIcon.png]
[timeblox.me/FriendsIcon.png]
[timeblox.me/BattleIcon.png]
[timeblox.me/MultiplePlacesBullet.27.delayed]
[timeblox.me/AllowanceBullet.28.delayed]
[timeblox.me/SellBullet.29.delayed]
[timeblox.me/AdSuppressionBullet.2a.delayed]
[timeblox.me/HardHatBullet.2b.delayed]
[timeblox.me/forumHeaderBackground.2c.delayed]
[timeblox.me/forumHeaderBackgroundAlternate.gif]
[timeblox.me/AllCSS.css]
[timeblox.me/login.html]
[t6.roblox.com/blank-224x59.gif]
[timeblox.me/bullet.png]
[timeblox.me/Catalog.2fd2da.delayed]
[timeblox.me/game2681a.html]
[timeblox.me/assetstore/gthumb/1.png]
[timeblox.me/games.html]
[t1.roblox.com/blank-210x40.gif]
[timeblox.me/loginde73.html]
[timeblox.me/userc3c9.html]
[timeblox.me/catalog10b0.html]
[timeblox.me/cataloga08f.html]
[timeblox.me/catalog3de9.html]
[timeblox.me/catalogdcf7.html]
[timeblox.me/item9b05.html]
[timeblox.me/38f1ac37fc303e1bd50746c4556e93809f2f85bb3a4b2f0f7035941cc17f8d4e1349b05.png]
[timeblox.me/usere371.html]
[timeblox.me/clocks.png]
[timeblox.me/itemc17f.html]
[timeblox.me/5e2c89d082a9e775d9b7172e88fd1df7076841cfb0cc7016f2ad083a5bc7219e123c17f.png]
[timeblox.me/iteme783.html]
[timeblox.me/d3fa93dbc2b33a1d24490115e577803269545fd6063329f869c92754f1af7ea194e783.png]
[timeblox.me/item02b6.html]
[timeblox.me/142d8906530417e2462181ef999f2eff52e47fc37fd46f445440eba8a3e995e19302b6.png]
[timeblox.me/itemf3bc.html]
[timeblox.me/8a8d6cb327333c7bedcbc7ee8aa896c44d3823df8d371e38ad2e4623193fdf2b92f3bc.png]
[timeblox.me/iteme8ec.html]
[timeblox.me/a12eadf154b6b07f0bde199506b63f0141d285361f9b89b08cbd790f0333a25591e8ec.png]
[timeblox.me/item9421.html]
[timeblox.me/dfa42b873361dedb8c0e8dc524089f067457a4a13f673cc25d5a0a120ddc546b799421.png]
[timeblox.me/item6396.html]
[timeblox.me/6829f5fdbe40a7bfbe2722f032d1d06c6c1bd7eb5f1aa6dcee6379bfdc72ea21426396.png]
[timeblox.me/itemd5e8.html]
[timeblox.me/limitedunique.png]
[timeblox.me/f2217bddf3d3a3403a11406a76dc22920a392450ab7436ce63a323bed44a17a134d5e8.png]
[timeblox.me/catalog.html]
[timeblox.me/people.html]
[timeblox.me/forums/BannerPlay.4c.delayed]
[timeblox.me/forum/home.4d.delayed]
[timeblox.me/icon_mini_home.gif]
[timeblox.me/icon_mini_register.gif]
[timeblox.me/forums/forumtopic681a.html]
[timeblox.me/forum_status.gif]
[timeblox.me/forums/tos.52.delayed]
[timeblox.me/forums/main.html]
[timeblox.me/blog/web.archive.org/_static/css/banner-styles.532d4a.delayed]
[timeblox.me/blog/index.html]
[timeblox.me/index-2.html]
[web.archive.org/web/20101110144519cs_/http_/blog.roblox.com/wp-content/themes/earth-10/style.css]
[newassets.hcaptcha.com/captcha/v1/c2569af/hcaptcha.js]
[timeblox.me/Login.58.delayed]
[timeblox.me/rejestracja.html]
[timeblox.me/Login/ResetPasswordRequest.html]
[t1.roblox.com/blank-115x130.gif]
[timeblox.me/Login/New650a.html]
[timeblox.me/Parents.html]
[timeblox.me/tos.html]
[timeblox.me/Badges/Administrator-75x75.html]
[timeblox.me/Badges/ForumModerator-75x75.html]
[timeblox.me/Badges/ImageModerator-75x75.html]
[timeblox.me/Badges/Friendship-75x75.html]
[timeblox.me/Badges/Inviter-75x75.html]
[timeblox.me/Badges/CombatInitiation-75x75.html]
[timeblox.me/Badges/Warrior-75x75.html]
[timeblox.me/Badges/Bloxxer-75x75.html]
[timeblox.me/Badges/Homestead-70x75.html]
[timeblox.me/Badges/Bricksmith-54x75.html]
[timeblox.me/MultiplePlacesBullet.html]
[timeblox.me/AllowanceBullet.html]
[timeblox.me/SellBullet.html]
[timeblox.me/AdSuppressionBullet.html]
[timeblox.me/HardHatBullet.html]
[timeblox.me/forumHeaderBackground.html]
[timeblox.me/Catalogd2da.html]
[timeblox.me/e3ca4213b6149516f391561cae661b4680336d012a4af6e26e1c984124894bba8c3c9.png]
[timeblox.me/User.5bedb6.delayed]
[timeblox.me/AbuseReport/AssetVersion.5cfbc8.delayed]
[timeblox.me/web/20080723223955im_/http_/www.roblox.com/images/abuse.5d.delayed]
[timeblox.me/web/20080723223955im_/http_/www.roblox.com/images/locked.5e.delayed]
[timeblox.me/web/20080723223955im_/http_/www.roblox.com/images/unlocked.5f.delayed]
[timeblox.me/web/20080723223955im_/http_/www.roblox.com/images/public.60.delayed]
[timeblox.me/web/20080723223955im_/http_/www.roblox.com/images/CopyLocked.61.delayed]
[web.archive.org/web/20071125221958im_/http_/www.roblox.com/images/ProgressIndicator2.gif]
[timeblox.me/installer/TimebloxInstaller.exe]
[web.archive.org/web/20100205163911im_/http_/www.roblox.com/images/Play.png]
[timeblox.me/web/20080723223955/http_/www.roblox.com/User.67b6f6.delayed]
[timeblox.me/web/20080723223955/http_/www.roblox.com/User.68d12e.delayed]
[timeblox.me/web/20080723223955/http_/www.roblox.com/User.6919c8.delayed]
[timeblox.me/web/20080723223955/http_/www.roblox.com/User.6a7fc2.delayed]
[timeblox.me/web/20080723223955/http_/www.roblox.com/User.6b3b48.delayed]
[timeblox.me/web/20080723223955/http_/www.roblox.com/User.6cf29a.delayed]
[timeblox.me/web/20080723223955/http_/www.roblox.com/User.6db4a9.delayed]
[timeblox.me/web/20080723223955/http_/www.roblox.com/User.6e5994.delayed]
[timeblox.me/web/20080723223955/http_/www.roblox.com/User.6f46bd.delayed]
[timeblox.me/web/20080723223955/http_/www.roblox.com/User.7035fd.delayed]
[timeblox.me/web/20080723223955/http_/www.roblox.com/User.71b0f5.delayed]
[timeblox.me/web/20080723223955/http_/www.roblox.com/User.72aa78.delayed]
[timeblox.me/web/20080723223955/http_/www.roblox.com/User.730cd3.delayed]
[timeblox.me/web/20080723223955/http_/www.roblox.com/User.748099.delayed]
[timeblox.me/web/20080723223955/http_/www.roblox.com/User.753ab1.delayed]
[timeblox.me/web/20080723223955/http_/www.roblox.com/User.76b998.delayed]
[timeblox.me/web/20080723223955/http_/www.roblox.com/User.77de3e.delayed]
[timeblox.me/web/20080723223955/http_/www.roblox.com/User.78bd03.delayed]
[timeblox.me/web/20080723223955/http_/www.roblox.com/User.795601.delayed]
[timeblox.me/web/20080723223955/http_/www.roblox.com/User.7a7c95.delayed]
[timeblox.me/web/20080723223955/http_/www.roblox.com/User.7bc783.delayed]
[timeblox.me/web/20080723223955/http_/www.roblox.com/User.7cab94.delayed]
[timeblox.me/web/20080723223955/http_/www.roblox.com/User.7d982c.delayed]
[timeblox.me/web/20080723223955/http_/www.roblox.com/User.7e41a8.delayed]
[timeblox.me/web/20080723223955/http_/www.roblox.com/User.7f862d.delayed]
[timeblox.me/web/20080723223955/http_/www.roblox.com/User.80a096.delayed]
[timeblox.me/web/20080723223955/http_/www.roblox.com/User.812030.delayed]
[timeblox.me/web/20080723223955/http_/www.roblox.com/User.82ad97.delayed]
[timeblox.me/web/20080723223955/http_/www.roblox.com/User.8300b7.delayed]
[timeblox.me/web/20080723223955/http_/www.roblox.com/User.847cec.delayed]
[timeblox.me/web/20080723223955/http_/www.roblox.com/User.858842.delayed]
[timeblox.me/web/20080723223955/http_/www.roblox.com/User.866330.delayed]
[timeblox.me/web/20080723223955/http_/www.roblox.com/User.87313a.delayed]
[timeblox.me/web/20080723223955/http_/www.roblox.com/User.88c77e.delayed]
[timeblox.me/web/20080723223955/http_/www.roblox.com/User.8957a6.delayed]
[timeblox.me/web/20080723223955/http_/www.roblox.com/User.8abe59.delayed]
[timeblox.me/web/20080723223955/http_/www.roblox.com/User.8bd704.delayed]
[timeblox.me/web/20080723223955/http_/www.roblox.com/User.8c1224.delayed]
[timeblox.me/web/20080723223955/http_/www.roblox.com/User.8d6f48.delayed]
[timeblox.me/web/20080723223955/http_/www.roblox.com/User.8e5525.delayed]
[timeblox.me/web/20080723223955/http_/www.roblox.com/User.8f5b66.delayed]
[timeblox.me/web/20080723223955/http_/www.roblox.com/User.900262.delayed]
[timeblox.me/web/20080723223955/http_/www.roblox.com/User.91279a.delayed]
[timeblox.me/web/20080723223955/http_/www.roblox.com/User.92f577.delayed]
[timeblox.me/web/20080723223955/http_/www.roblox.com/User.937862.delayed]
[timeblox.me/web/20080723223955/http_/www.roblox.com/User.947622.delayed]
[timeblox.me/web/20080723223955/http_/www.roblox.com/User.95e2d3.delayed]
[timeblox.me/web/20080723223955/http_/www.roblox.com/User.969386.delayed]
[timeblox.me/web/20080723223955/http_/www.roblox.com/User.9732ea.delayed]
[timeblox.me/web/20080723223955/http_/www.roblox.com/User.98dbca.delayed]
[timeblox.me/web/20080723223955/http_/www.roblox.com/User.990756.delayed]
[timeblox.me/web/20080723223955/http_/www.roblox.com/User.9aa886.delayed]
[timeblox.me/web/20080723223955/http_/www.roblox.com/User.9bb6bc.delayed]
[timeblox.me/web/20080723223955/http_/www.roblox.com/User.9cc0b5.delayed]
[timeblox.me/web/20080723223955/http_/www.roblox.com/User.9d6d24.delayed]
[timeblox.me/web/20080723223955/http_/www.roblox.com/User.9ebd1c.delayed]
[timeblox.me/web/20080723223955/http_/www.roblox.com/User.9fc550.delayed]
[timeblox.me/web/20080723223955/http_/www.roblox.com/User.a0b08c.delayed]
[timeblox.me/web/20080723223955/http_/www.roblox.com/User.a1f24d.delayed]
[timeblox.me/web/20080723223955/http_/www.roblox.com/User.a2cb0f.delayed]
[timeblox.me/web/20080723223955/http_/www.roblox.com/User.a37c75.delayed]
[timeblox.me/web/20080723223955/http_/www.roblox.com/User.a4bf30.delayed]
[timeblox.me/web/20080723223955/http_/www.roblox.com/User.a5d13c.delayed]
[timeblox.me/web/20080723223955/http_/www.roblox.com/User.a665cd.delayed]
[timeblox.me/web/20080723223955/http_/www.roblox.com/User.a7a341.delayed]
[timeblox.me/web/20080723223955/http_/www.roblox.com/User.a87f43.delayed]
[timeblox.me/web/20080723223955/http_/www.roblox.com/User.a9ac9b.delayed]
[timeblox.me/web/20080723223955/http_/www.roblox.com/User.aaf318.delayed]
[timeblox.me/web/20080723223955/http_/www.roblox.com/User.ab2b78.delayed]
[timeblox.me/web/20080723223955/http_/www.roblox.com/User.acdd7d.delayed]
[timeblox.me/web/20080723223955/http_/www.roblox.com/User.ad6ed0.delayed]
[timeblox.me/web/20080723223955/http_/www.roblox.com/User.aeec22.delayed]
[timeblox.me/web/20080723223955/http_/www.roblox.com/User.af4487.delayed]
[timeblox.me/web/20080723223955/http_/www.roblox.com/User.b04a79.delayed]
[timeblox.me/web/20080723223955/http_/www.roblox.com/User.b1248d.delayed]
[timeblox.me/web/20080723223955/http_/www.roblox.com/User.b25e49.delayed]
[timeblox.me/web/20080723223955/http_/www.roblox.com/User.b3b9c9.delayed]
[timeblox.me/web/20080723223955/http_/www.roblox.com/User.b46fbc.delayed]
[timeblox.me/web/20080723223955/http_/www.roblox.com/User.b54f58.delayed]
[timeblox.me/web/20080723223955/http_/www.roblox.com/User.b6a1b6.delayed]
[timeblox.me/web/20080723223955/http_/www.roblox.com/User.b7c8f7.delayed]
[timeblox.me/web/20080723223955/http_/www.roblox.com/User.b8c4e8.delayed]
[timeblox.me/web/20080723223955/http_/www.roblox.com/User.b96964.delayed]
[timeblox.me/web/20080723223955/http_/www.roblox.com/User.ba693a.delayed]
[timeblox.me/web/20080723223955/http_/www.roblox.com/User.bb2d52.delayed]
[timeblox.me/web/20080723223955/http_/www.roblox.com/User.bc65f5.delayed]
[timeblox.me/web/20080723223955/http_/www.roblox.com/User.bd3964.delayed]
[timeblox.me/web/20080723223955/http_/www.roblox.com/User.bec3e6.delayed]
[timeblox.me/web/20080723223955/http_/www.roblox.com/User.bf84d6.delayed]
[timeblox.me/web/20080723223955/http_/www.roblox.com/User.c02782.delayed]
[timeblox.me/web/20080723223955/http_/www.roblox.com/User.c1a26a.delayed]
[timeblox.me/web/20080723223955/http_/www.roblox.com/User.c21ff9.delayed]
[timeblox.me/web/20080723223955/http_/www.roblox.com/User.c3b2eb.delayed]
[timeblox.me/web/20080723223955/http_/www.roblox.com/User.c4691f.delayed]
[timeblox.me/web/20080723223955/http_/www.roblox.com/User.c5bc14.delayed]
[timeblox.me/web/20080723223955/http_/www.roblox.com/User.c6045c.delayed]
[timeblox.me/web/20080723223955/http_/www.roblox.com/User.c7edcd.delayed]
[timeblox.me/web/20080723223955/http_/www.roblox.com/User.c87c5f.delayed]
[timeblox.me/web/20080723223955/http_/www.roblox.com/User.c9ffb6.delayed]
[timeblox.me/web/20080723223955/http_/www.roblox.com/User.cae56a.delayed]
[timeblox.me/web/20080723223955/http_/www.roblox.com/User.cb7bf9.delayed]
[timeblox.me/web/20080723223955/http_/www.roblox.com/User.cc361b.delayed]
[timeblox.me/web/20080723223955/http_/www.roblox.com/User.cdd8bf.delayed]
[timeblox.me/web/20080723223955/http_/www.roblox.com/User.ce4fe1.delayed]
[timeblox.me/info/About.cf.delayed]
[timeblox.me/info/TermsOfService.d0.delayed]
[timeblox.me/info/Privacy.d1.delayed]
[timeblox.me/info/Jobs.d2.delayed]
[timeblox.me/game2681a.html]
[timeblox.me/AbuseReport/UserProfile.d43754.delayed]
[timeblox.me/abuse.png]
[timeblox.me/sh7ue8q1gwh.gif]
[timeblox.me/Friends.d8196e.delayed]
[timeblox.me/user0b30.html]
[timeblox.me/4c0645c84fbaece07e0dea97d0463c77deda9b41d8715aa35ebcb1e975f4572d20b30.png]
[timeblox.me/userd61c.html]
[timeblox.me/8bcef594f454a11cdc708eef3828cf7eda62a60b0c98e3c926d1be9918ab57255d61c.png]
[timeblox.me/user3a9f.html]
[timeblox.me/36aa97588c8f7f9d6a04e07413906e9fa7b0c7f9e36e99f9040b6b5bb71f252163a9f.png]
[timeblox.me/user2e5f.html]
[timeblox.me/dfb4116b8ebe34d010a2ed79d06b59d53dc77fa2767faf1aa8d4bbcbf7b5d2e2222e5f.png]
[timeblox.me/18193ca014ee09dba0531dd0f45e15cf1493c37ca588934a3f761aa8932c201018e371.png]
[timeblox.me/user7429.html]
[timeblox.me/c781e9ad7adf93246cc7941f95e8993c72ec8a8ccc0bdb14ef5d875b3af29d4c157429.png]
[timeblox.me/userc3c9.html]
[timeblox.me/catalog10b0.html]
[timeblox.me/item3c6f.html]
[timeblox.me/page_white_gear.png]
[timeblox.me/userd2b8.html]
[timeblox.me/itemdb5d.html]
[timeblox.me/itemab99.html]
[timeblox.me/itemc281.html]
[timeblox.me/item73ca.html]
[timeblox.me/user0fd6.html]
[timeblox.me/itemd729.html]
[timeblox.me/itema9d2.html]
[timeblox.me/user0c98.html]
[timeblox.me/item5c8d.html]
[timeblox.me/e8e00e9d175be6f408460095a37143f8e7b0de02e5d8a6d587d45e1bc81b24fe1495c8d.png]
[timeblox.me/usercd1a.html]
[timeblox.me/item651a.html]
[timeblox.me/8b85cf89e8f174999eca87ecfee5421a018ef2f681b2700024e2bab38c35a087147651a.png]
[timeblox.me/user5ea1.html]
[timeblox.me/item39d7.html]
[timeblox.me/4666d017ec5bfd46d8dbfd3c3440276fb939144d912bb276229f78a2d39e30aa14539d7.png]
[timeblox.me/item374c.html]
[timeblox.me/37cdfbe3b512247980438cfc9da0b66c89de5a3985d85688cec5f3c610142a1f141374c.png]
[timeblox.me/item6d44.html]
[timeblox.me/f15f5370cb949a798e0409336673526e3e90c18c776cbb42eacccdfbe0c701251316d44.png]
[timeblox.me/user.1023162.delayed]
[timeblox.me/404.html]
[timeblox.me/item0f0e.html]
[timeblox.me/aae3c3df17d7346cc71094666b829e8bf9307760f2ea9d6ae6a2fd077cf32ab81250f0e.png]
[timeblox.me/item5cee.html]
[timeblox.me/31a958210e63e52bb8826b93eb18e7143c77d43cdb5e092b2a6f10294301bb0f1185cee.png]
[timeblox.me/itemb182.html]
[timeblox.me/e5e873d8e4b33d681c7002fe6c265b6f8e044e2181ce5e52150cab875f238525100b182.png]
[timeblox.me/item1a85.html]
[timeblox.me/7cf9a6380ca90c6ecdd764e26c63f46f08ec37f9fcffcdc14a1c9d822fce04ee821a85.png]
[timeblox.me/cataloga08f.html]
[timeblox.me/item4133.html]
[timeblox.me/iteme935.html]
[timeblox.me/page_white_delete.png]
[timeblox.me/item97d4.html]
[timeblox.me/bc9c91f5647c5f8f6805a547f5c558949cf5ac94c1cff54ee422b98db945dfc212097d4.png]
[timeblox.me/item47c2.html]
[timeblox.me/fc24d1eca1ec412a01153da8c4f665eaa18d4bf19c3d48c3044575e4074fda4d8347c2.png]
[timeblox.me/catalog3de9.html]
[timeblox.me/itema2ea.html]
[timeblox.me/ab92aaf96ce2dcb7e1fc726d9bc3395439d8866783bf829401667b8002cd274a139a2ea.png]
[timeblox.me/itemec28.html]
[timeblox.me/63eaa4dffc8e6caf7b82aa2eb4000f55eb8fb421dd31b4d7b553fa12fd7b7402106ec28.png]
[timeblox.me/item662f.html]
[timeblox.me/d09471a467684f26116a67993a5beb4a7f3299fb3a9ffd3842feca21b95533c5104662f.png]
[timeblox.me/catalogdcf7.html]
[timeblox.me/buy_item9b05.html]
[timeblox.me/item9b05.html]
[timeblox.me/usere371.html]
[timeblox.me/buy_itemc17f.html]
[timeblox.me/itemc17f.html]
[timeblox.me/buy_iteme783.html]
[timeblox.me/iteme783.html]
[timeblox.me/buy_item02b6.html]
[timeblox.me/item02b6.html]
[timeblox.me/buy_itemf3bc.html]
[timeblox.me/itemf3bc.html]
[timeblox.me/buy_iteme8ec.html]
[timeblox.me/iteme8ec.html]
[timeblox.me/buy_item9421.html]
[timeblox.me/item9421.html]
[timeblox.me/buy_item6396.html]
[timeblox.me/item6396.html]
[timeblox.me/buy_itemd5e8.html]
[timeblox.me/itemd5e8.html]
[timeblox.me/forums/BannerPlay.html]
[timeblox.me/forum/home.html]
[timeblox.me/web/20080712164833/http_/www.roblox.com/Forum/Default.125.delayed]
[timeblox.me/web/20080712164833im_/http_/www.roblox.com/Forum/skins/default/images/icon_mini_home.126.delayed]
[timeblox.me/web/20080712164833/http_/www.roblox.com/Forum/Search/default.127.delayed]
[timeblox.me/web/20080712164833im_/http_/www.roblox.com/Forum/skins/default/images/icon_mini_search.128.delayed]
[timeblox.me/web/20080712164833/http_/www.roblox.com/Forum/User/CreateUser.129.delayed]
[timeblox.me/web/20080712164833im_/http_/www.roblox.com/Forum/skins/default/images/icon_mini_register.12a.delayed]
[timeblox.me/forums/postreply681a.html]
[timeblox.me/newtopic.gif]
[timeblox.me/topic-popular.gif]
[timeblox.me/forums/forumpost681a.html]
[timeblox.me/topic_notread.gif]
[timeblox.me/forums/forumpost7429.html]
[timeblox.me/forums/forumpost87f1.html]
[timeblox.me/useraf7f.html]
[timeblox.me/forums/forumposte5cc.html]
[timeblox.me/forums/forumposta9bc.html]
[timeblox.me/forums/forumposte371.html]
[timeblox.me/forums/forumpost190a.html]
[timeblox.me/forums/forumpost2728.html]
[timeblox.me/user8204.html]
[timeblox.me/forums/forumpost6e03.html]
[timeblox.me/userb27c.html]
[timeblox.me/forums/forumpost4ef9.html]
[timeblox.me/userf62c.html]
[timeblox.me/forums/forumpost0055.html]
[timeblox.me/user0641.html]
[timeblox.me/forums/forumpostf41b.html]
[timeblox.me/forums/forumpost5255.html]
[timeblox.me/userc7f4.html]
[timeblox.me/forums/forumpost3a9f.html]
[timeblox.me/user1075.html]
[timeblox.me/forums/forumpostd61c.html]
[timeblox.me/user1a6a.html]
[timeblox.me/forums/forumpostc3c9.html]
[timeblox.me/userf772.html]
[timeblox.me/forums/forumpostdcfd.html]
[timeblox.me/forums/forumpostd708.html]
[timeblox.me/userb540.html]
[timeblox.me/forums/forumpost0b30.html]
[timeblox.me/forums/forumpost8803.html]
[timeblox.me/user3221.html]
[timeblox.me/forums/forumtopic681a.html]
[timeblox.me/forums/tos.html]
[timeblox.me/blog/web.archive.org/_static/css/banner-styles2d4a.html]
[web.archive.org/web/20101110144938im_/http_/blog.roblox.com/wp-content/themes/earth-10/images/body-bg.gif]
[web.archive.org/web/20101110144941im_/http_/blog.roblox.com/wp-content/themes/earth-10/images/NewBlogBanner.png]
[web.archive.org/web/20101110144944im_/http_/blog.roblox.com/wp-content/themes/earth-10/images/icon.gif]
[web.archive.org/web/20101110144948im_/http_/blog.roblox.com/wp-content/themes/earth-10/images/sidebar-h2.gif]
[web.archive.org/web/20101110144951im_/http_/blog.roblox.com/wp-content/themes/earth-10/images/star.gif]
[web.archive.org/web/20101110144955im_/http_/blog.roblox.com/wp-content/themes/earth-10/images/footer.gif]
[web.archive.org/web/20101110144519cs_/http_/blog.roblox.com/wp-content/themes/earth-10/style.css]
[timeblox.me/Login-2.html]
[t6.roblox.com/blank-100x100.gif]
[timeblox.me/Useredb6.html]
[timeblox.me/AbuseReport/AssetVersionfbc8.html]
[timeblox.me/web/20080723223955im_/http_/www.roblox.com/images/abuse.html]
[timeblox.me/web/20080723223955im_/http_/www.roblox.com/images/locked.html]
[timeblox.me/web/20080723223955im_/http_/www.roblox.com/images/unlocked.html]
[timeblox.me/web/20080723223955im_/http_/www.roblox.com/images/public.html]
[timeblox.me/web/20080723223955im_/http_/www.roblox.com/images/CopyLocked.html]
[timeblox.me/web/20080723223955/http_/www.roblox.com/Userb6f6.html]
[timeblox.me/web/20080723223955/http_/www.roblox.com/Userd12e.html]
[timeblox.me/web/20080723223955/http_/www.roblox.com/User19c8.html]
[timeblox.me/web/20080723223955/http_/www.roblox.com/User7fc2.html]
[timeblox.me/web/20080723223955/http_/www.roblox.com/User3b48.html]
[timeblox.me/web/20080723223955/http_/www.roblox.com/Userf29a.html]
[timeblox.me/web/20080723223955/http_/www.roblox.com/Userb4a9.html]
[timeblox.me/web/20080723223955/http_/www.roblox.com/User5994.html]
[timeblox.me/web/20080723223955/http_/www.roblox.com/User46bd.html]
[timeblox.me/web/20080723223955/http_/www.roblox.com/User35fd.html]
[timeblox.me/web/20080723223955/http_/www.roblox.com/Userb0f5.html]
[timeblox.me/web/20080723223955/http_/www.roblox.com/Useraa78.html]
[timeblox.me/web/20080723223955/http_/www.roblox.com/User0cd3.html]
[timeblox.me/web/20080723223955/http_/www.roblox.com/User8099.html]
[timeblox.me/web/20080723223955/http_/www.roblox.com/User3ab1.html]
[timeblox.me/web/20080723223955/http_/www.roblox.com/Userb998.html]
[timeblox.me/web/20080723223955/http_/www.roblox.com/Userde3e.html]
[timeblox.me/web/20080723223955/http_/www.roblox.com/Userbd03.html]
[timeblox.me/web/20080723223955/http_/www.roblox.com/User5601.html]
[timeblox.me/web/20080723223955/http_/www.roblox.com/User7c95.html]
[timeblox.me/web/20080723223955/http_/www.roblox.com/Userc783.html]
[timeblox.me/web/20080723223955/http_/www.roblox.com/Userab94.html]
[timeblox.me/web/20080723223955/http_/www.roblox.com/User982c.html]
[timeblox.me/web/20080723223955/http_/www.roblox.com/User41a8.html]
[timeblox.me/web/20080723223955/http_/www.roblox.com/User862d.html]
[timeblox.me/web/20080723223955/http_/www.roblox.com/Usera096.html]
[timeblox.me/web/20080723223955/http_/www.roblox.com/User2030.html]
[timeblox.me/web/20080723223955/http_/www.roblox.com/Userad97.html]
[timeblox.me/web/20080723223955/http_/www.roblox.com/User00b7.html]
[timeblox.me/web/20080723223955/http_/www.roblox.com/User7cec.html]
[timeblox.me/web/20080723223955/http_/www.roblox.com/User8842.html]
[timeblox.me/web/20080723223955/http_/www.roblox.com/User6330.html]
[timeblox.me/web/20080723223955/http_/www.roblox.com/User313a.html]
[timeblox.me/web/20080723223955/http_/www.roblox.com/Userc77e.html]
[timeblox.me/web/20080723223955/http_/www.roblox.com/User57a6.html]
[timeblox.me/web/20080723223955/http_/www.roblox.com/Userbe59.html]
[timeblox.me/web/20080723223955/http_/www.roblox.com/Userd704.html]
[timeblox.me/web/20080723223955/http_/www.roblox.com/User1224.html]
[timeblox.me/web/20080723223955/http_/www.roblox.com/User6f48.html]
[timeblox.me/web/20080723223955/http_/www.roblox.com/User5525.html]
[timeblox.me/web/20080723223955/http_/www.roblox.com/User5b66.html]
[timeblox.me/web/20080723223955/http_/www.roblox.com/User0262.html]
[timeblox.me/web/20080723223955/http_/www.roblox.com/User279a.html]
[timeblox.me/web/20080723223955/http_/www.roblox.com/Userf577.html]
[timeblox.me/web/20080723223955/http_/www.roblox.com/User7862.html]
[timeblox.me/web/20080723223955/http_/www.roblox.com/User7622.html]
[timeblox.me/web/20080723223955/http_/www.roblox.com/Usere2d3.html]
[timeblox.me/web/20080723223955/http_/www.roblox.com/User9386.html]
[timeblox.me/web/20080723223955/http_/www.roblox.com/User32ea.html]
[timeblox.me/web/20080723223955/http_/www.roblox.com/Userdbca.html]
[timeblox.me/web/20080723223955/http_/www.roblox.com/User0756.html]
[timeblox.me/web/20080723223955/http_/www.roblox.com/Usera886.html]
[timeblox.me/web/20080723223955/http_/www.roblox.com/Userb6bc.html]
[timeblox.me/web/20080723223955/http_/www.roblox.com/Userc0b5.html]
[timeblox.me/web/20080723223955/http_/www.roblox.com/User6d24.html]
[timeblox.me/web/20080723223955/http_/www.roblox.com/Userbd1c.html]
[timeblox.me/web/20080723223955/http_/www.roblox.com/Userc550.html]
[timeblox.me/web/20080723223955/http_/www.roblox.com/Userb08c.html]
[timeblox.me/web/20080723223955/http_/www.roblox.com/Userf24d.html]
[timeblox.me/web/20080723223955/http_/www.roblox.com/Usercb0f.html]
[timeblox.me/web/20080723223955/http_/www.roblox.com/User7c75.html]
[timeblox.me/web/20080723223955/http_/www.roblox.com/Userbf30.html]
[timeblox.me/web/20080723223955/http_/www.roblox.com/Userd13c.html]
[timeblox.me/web/20080723223955/http_/www.roblox.com/User65cd.html]
[timeblox.me/web/20080723223955/http_/www.roblox.com/Usera341.html]
[timeblox.me/web/20080723223955/http_/www.roblox.com/User7f43.html]
[timeblox.me/web/20080723223955/http_/www.roblox.com/Userac9b.html]
[timeblox.me/web/20080723223955/http_/www.roblox.com/Userf318.html]
[timeblox.me/web/20080723223955/http_/www.roblox.com/User2b78.html]
[timeblox.me/web/20080723223955/http_/www.roblox.com/Userdd7d.html]
[timeblox.me/web/20080723223955/http_/www.roblox.com/User6ed0.html]
[timeblox.me/web/20080723223955/http_/www.roblox.com/Userec22.html]
[timeblox.me/web/20080723223955/http_/www.roblox.com/User4487.html]
[timeblox.me/web/20080723223955/http_/www.roblox.com/User4a79.html]
[timeblox.me/web/20080723223955/http_/www.roblox.com/User248d.html]
[timeblox.me/web/20080723223955/http_/www.roblox.com/User5e49.html]
[timeblox.me/web/20080723223955/http_/www.roblox.com/Userb9c9.html]
[timeblox.me/web/20080723223955/http_/www.roblox.com/User6fbc.html]
[timeblox.me/web/20080723223955/http_/www.roblox.com/User4f58.html]
[timeblox.me/web/20080723223955/http_/www.roblox.com/Usera1b6.html]
[timeblox.me/web/20080723223955/http_/www.roblox.com/Userc8f7.html]
[timeblox.me/web/20080723223955/http_/www.roblox.com/Userc4e8.html]
[timeblox.me/web/20080723223955/http_/www.roblox.com/User6964.html]
[timeblox.me/web/20080723223955/http_/www.roblox.com/User693a.html]
[timeblox.me/web/20080723223955/http_/www.roblox.com/User2d52.html]
[timeblox.me/web/20080723223955/http_/www.roblox.com/User65f5.html]
[timeblox.me/web/20080723223955/http_/www.roblox.com/User3964.html]
[timeblox.me/web/20080723223955/http_/www.roblox.com/Userc3e6.html]
[timeblox.me/web/20080723223955/http_/www.roblox.com/User84d6.html]
[timeblox.me/web/20080723223955/http_/www.roblox.com/User2782.html]
[timeblox.me/web/20080723223955/http_/www.roblox.com/Usera26a.html]
[timeblox.me/web/20080723223955/http_/www.roblox.com/User1ff9.html]
[timeblox.me/web/20080723223955/http_/www.roblox.com/Userb2eb.html]
[timeblox.me/web/20080723223955/http_/www.roblox.com/User691f.html]
[timeblox.me/web/20080723223955/http_/www.roblox.com/Userbc14.html]
[timeblox.me/web/20080723223955/http_/www.roblox.com/User045c.html]
[timeblox.me/web/20080723223955/http_/www.roblox.com/Useredcd.html]
[timeblox.me/web/20080723223955/http_/www.roblox.com/User7c5f.html]
[timeblox.me/web/20080723223955/http_/www.roblox.com/Userffb6.html]
[timeblox.me/web/20080723223955/http_/www.roblox.com/Usere56a.html]
[timeblox.me/web/20080723223955/http_/www.roblox.com/User7bf9.html]
[timeblox.me/web/20080723223955/http_/www.roblox.com/User361b.html]
[timeblox.me/web/20080723223955/http_/www.roblox.com/Userd8bf.html]
[timeblox.me/web/20080723223955/http_/www.roblox.com/User4fe1.html]
[timeblox.me/info/About.html]
[timeblox.me/info/TermsOfService.html]
[timeblox.me/info/Privacy.html]
[timeblox.me/info/Jobs.html]
[t7.roblox.com/blank-180x220.gif]
[timeblox.me/AbuseReport/UserProfile3754.html]
[timeblox.me/Friends196e.html]
[timeblox.me/user681a.html]
[timeblox.me/dfb4116b8ebe34d010a2ed79d06b59d53dc77fa2767faf1aa8d4bbcbf7b5d2e21681a.png]
[timeblox.me/user0b30.html]
[timeblox.me/userd61c.html]
[timeblox.me/user3a9f.html]
[timeblox.me/user2e5f.html]
[timeblox.me/user7429.html]
[timeblox.me/buy_item3c6f.html]
[timeblox.me/fc6dd2c5292290f28489069490d09993e72f54dc75226c08dbcf0d66951883fd292d2b8.png]
[timeblox.me/item3c6f.html]
[timeblox.me/userd2b8.html]
[timeblox.me/buy_itemdb5d.html]
[timeblox.me/itemdb5d.html]
[timeblox.me/buy_itemab99.html]
[timeblox.me/itemab99.html]
[timeblox.me/buy_itemc281.html]
[timeblox.me/itemc281.html]
[timeblox.me/buy_item73ca.html]
[timeblox.me/823426d4800c79a47c2ed8df7ecafc739e781c8c809c4a5611159cd552b04af42680fd6.png]
[timeblox.me/item73ca.html]
[timeblox.me/1efde0075a86515947d5192f8039d6e39223439e222d0507efcc8b8d6189a9e116673ca.png]
[timeblox.me/user0fd6.html]
[timeblox.me/buy_itemd729.html]
[timeblox.me/itemd729.html]
[timeblox.me/98bcc65bc5f12c7e995ea066ebee4d7d07308e4d8543a2f2c5f7da562a932d3f164d729.png]
[timeblox.me/buy_itema9d2.html]
[timeblox.me/dfb4116b8ebe34d010a2ed79d06b59d53dc77fa2767faf1aa8d4bbcbf7b5d2e2500c98.png]
[timeblox.me/itema9d2.html]
[timeblox.me/21f138a2060a631ac5af78730ff961b5a6810af47f7de955ba12840a76385a86155a9d2.png]
[timeblox.me/user0c98.html]
[timeblox.me/buy_item5c8d.html]
[timeblox.me/60d9ef4d46a814e2ce95a36fca7162225947440a97a257a2a1e2b276fbac82d9161cd1a.png]
[timeblox.me/item5c8d.html]
[timeblox.me/usercd1a.html]
[timeblox.me/buy_item651a.html]
[timeblox.me/89e696a69f5f2f9eb936fcaaad134be98b82f1d8f860e25672ab1c877b1d0d6c815ea1.png]
[timeblox.me/item651a.html]
[timeblox.me/user5ea1.html]
[timeblox.me/buy_item39d7.html]
[timeblox.me/item39d7.html]
[timeblox.me/buy_item374c.html]
[timeblox.me/item374c.html]
[timeblox.me/buy_item6d44.html]
[timeblox.me/e58dc9f9917cdf2d747e9a51900df514a3594a1586c33c9ece99a3b37dbf7c01263162.png]
[timeblox.me/item6d44.html]
[media.tenor.com/images/1bb43c99b5292235bf3b420b8bcb1bda/tenor.gif]
[timeblox.me/404.html]
[timeblox.me/buy_item0f0e.html]
[timeblox.me/item0f0e.html]
[timeblox.me/buy_item5cee.html]
[timeblox.me/item5cee.html]
[timeblox.me/buy_itemb182.html]
[timeblox.me/itemb182.html]
[timeblox.me/buy_item1a85.html]
[timeblox.me/item1a85.html]
[timeblox.me/buy_item4133.html]
[timeblox.me/item4133.html]
[timeblox.me/449fe8a548d99e8cb771ec9b90f5adb0551bd2a1aa08a63ba21ae7adca0d423c1514133.png]
[timeblox.me/buy_iteme935.html]
[timeblox.me/iteme935.html]
[timeblox.me/buy_item97d4.html]
[timeblox.me/item97d4.html]
[timeblox.me/buy_item47c2.html]
[timeblox.me/item47c2.html]
[timeblox.me/buy_itema2ea.html]
[timeblox.me/itema2ea.html]
[timeblox.me/buy_itemec28.html]
[timeblox.me/itemec28.html]
[timeblox.me/buy_item662f.html]
[timeblox.me/item662f.html]
[timeblox.me/buy_item9b05.html]
[t6.roblox.com/blank-250x250.gif]
[timeblox.me/buy_itemc17f.html]
[timeblox.me/buy_iteme783.html]
[timeblox.me/buy_item02b6.html]
[timeblox.me/buy_itemf3bc.html]
[timeblox.me/buy_iteme8ec.html]
[timeblox.me/buy_item9421.html]
[timeblox.me/buy_item6396.html]
[timeblox.me/buy_itemd5e8.html]
[timeblox.me/web/20080712164833/http_/www.roblox.com/Forum/Default.html]
[timeblox.me/web/20080712164833im_/http_/www.roblox.com/Forum/skins/default/images/icon_mini_home.html]
[timeblox.me/web/20080712164833/http_/www.roblox.com/Forum/Search/default.html]
[timeblox.me/web/20080712164833im_/http_/www.roblox.com/Forum/skins/default/images/icon_mini_search.html]
[timeblox.me/web/20080712164833/http_/www.roblox.com/Forum/User/CreateUser.html]
[timeblox.me/web/20080712164833im_/http_/www.roblox.com/Forum/skins/default/images/icon_mini_register.html]
[timeblox.me/forums/postreply681a.html]
[timeblox.me/web/20080724152249/http_/www.roblox.com/Forum/ShowForum.17dba04.delayed]
[timeblox.me/web/20080724152249/http_/www.roblox.com/Forum/ShowPost.17e2f3e.delayed]
[web.archive.org/web/20070204073613im_/http_/www.roblox.com/Forum/skins/default/images/user_IsOffline.gif]
[timeblox.me/users_moderator.gif]
[timeblox.me/forums/postreply2681a.html]
[timeblox.me/newpost.gif]
[timeblox.me/user03db.html]
[timeblox.me/c4ab9d6a22ef221d5223b06475b1e22cc33f547f2613c2ff39cde8fc6c69778223703db.png]
[timeblox.me/ade446d7c13bf6a309045452f8df2005cb9c2423f42634bfea21d244e4c8504d880641.png]
[timeblox.me/user4b61.html]
[timeblox.me/4f210b9085a2088511c89f785d2a35830c92986df5756a4fab0ee92f536dabfa1214b61.png]
[timeblox.me/usere8f5.html]
[timeblox.me/3eae3927313e77c0d034a68544e4b60ccc68c374511f6d21f5761c0d8787d0c6152e8f5.png]
[timeblox.me/8b54c283321bc5d7b903880663fe375784d08ffccce29d28fe808304f790c78b380af7f.png]
[timeblox.me/userf546.html]
[timeblox.me/6938e7e161c2a2e2a169b70e00a829be8a20789e8573f8ffc5a8a53b9700f0bf174f546.png]
[timeblox.me/usere5b0.html]
[timeblox.me/cb51ea05368efe86b3fdc08c28b5d5d75db0817ab05b3af48e01040ab2a1f265377e5b0.png]
[timeblox.me/user98dc.html]
[timeblox.me/c8fee56dd245bd42dec6c66c9ff1163f83b9695a5e7a895e4082e9b2ef2e85f64598dc.png]
[timeblox.me/user475d.html]
[timeblox.me/f779d8452d1528a19ff9d18076b2a5f14fca3fd6e67f415517677dc11a5b48d371475d.png]
[timeblox.me/user2787.html]
[timeblox.me/8b54c283321bc5d7b903880663fe375784d08ffccce29d28fe808304f790c78b2512787.png]
[timeblox.me/forums/forumpost681a.html]
[timeblox.me/forums/postreply27429.html]
[timeblox.me/40e3a73622a1728704eeb923a6c74c408e9505a9726812f588c93d0e5628b4963828204.png]
[timeblox.me/user03ea.html]
[timeblox.me/54b9ce59d792007c78d86de24cd0d41dbdaa77fe4def3c409ca18fdf662a358116703ea.png]
[timeblox.me/forums/forumpost7429.html]
[timeblox.me/forums/postreply287f1.html]
[timeblox.me/forums/forumpost87f1.html]
[timeblox.me/useraf7f.html]
[timeblox.me/forums/postreply2e5cc.html]
[timeblox.me/user5445.html]
[timeblox.me/a7ffc6f8bf1ed76651c14756a061d662f580ff4de43b49fa82d80a4b80f8434a5445.png]
[timeblox.me/forums/forumposte5cc.html]
[timeblox.me/forums/postreply2a9bc.html]
[timeblox.me/forums/forumposta9bc.html]
[timeblox.me/forums/postreply2e371.html]
[timeblox.me/forums/forumposte371.html]
[timeblox.me/forums/postreply2190a.html]
[timeblox.me/forums/forumpost190a.html]
[timeblox.me/forums/postreply22728.html]
[timeblox.me/forums/forumpost2728.html]
[timeblox.me/user8204.html]
[timeblox.me/dfb4116b8ebe34d010a2ed79d06b59d53dc77fa2767faf1aa8d4bbcbf7b5d2e269b27c.png]
[timeblox.me/forums/postreply26e03.html]
[timeblox.me/e3154a3e106f5e2cae72bef9e83217dc46ba55c9f3d8c8408d11a7ea8142f285633221.png]
[timeblox.me/forums/forumpost6e03.html]
[timeblox.me/userb27c.html]
[timeblox.me/dfb4116b8ebe34d010a2ed79d06b59d53dc77fa2767faf1aa8d4bbcbf7b5d2e236f62c.png]
[timeblox.me/forums/postreply24ef9.html]
[timeblox.me/forums/forumpost4ef9.html]
[timeblox.me/userf62c.html]
[timeblox.me/forums/postreply20055.html]
[timeblox.me/forums/forumpost0055.html]
[timeblox.me/user0641.html]
[timeblox.me/forums/postreply2f41b.html]
[timeblox.me/forums/forumpostf41b.html]
[timeblox.me/0a52bbee702df0026e1d71e1680643d0018ff6c83f00cf3a269a2ac2a524933a156c7f4.png]
[timeblox.me/forums/postreply25255.html]
[timeblox.me/forums/forumpost5255.html]
[timeblox.me/userc7f4.html]
[timeblox.me/c62fa304e54339beb4c7131fc032b7202ecbf20b8736e9e01ddca2401dfa59e52641075.png]
[timeblox.me/forums/postreply23a9f.html]
[timeblox.me/forums/forumpost3a9f.html]
[timeblox.me/user1075.html]
[timeblox.me/17d4d6c08c75b403f8bf91c259ed6748a1b5e9a9dbcc07dad3ad6dcd2792d25c751a6a.png]
[timeblox.me/forums/postreply2d61c.html]
[timeblox.me/forums/forumpostd61c.html]
[timeblox.me/user1a6a.html]
[timeblox.me/99aff87dc49fde98ce96e7cd0b1043241a8249e636825cdd321892e288733018274f772.png]
[timeblox.me/forums/postreply2c3c9.html]
[timeblox.me/forums/forumpostc3c9.html]
[timeblox.me/userf772.html]
[timeblox.me/forums/postreply2dcfd.html]
[timeblox.me/forums/forumpostdcfd.html]
[timeblox.me/bbe4ee50cf7553e70c4a0ba7c2df45ddcf06ab200b7d08d2540c559ca9ac92c0297b540.png]
[timeblox.me/forums/postreply2d708.html]
[timeblox.me/forums/forumpostd708.html]
[timeblox.me/userb540.html]
[timeblox.me/forums/postreply20b30.html]
[timeblox.me/user5384.html]
[timeblox.me/67f33afa513fbaf08c7562586335bf7d4187175de043c729a844e5237f1bec002405384.png]
[timeblox.me/forums/forumpost0b30.html]
[timeblox.me/forums/postreply28803.html]
[timeblox.me/forums/forumpost8803.html]
[timeblox.me/user3221.html]
[timeblox.me/user87f1.html]
[timeblox.me/dfb4116b8ebe34d010a2ed79d06b59d53dc77fa2767faf1aa8d4bbcbf7b5d2e21487f1.png]
[timeblox.me/user681a.html]
[timeblox.me/buy_item3c6f.html]
[timeblox.me/buy_itemdb5d.html]
[timeblox.me/buy_itemab99.html]
[timeblox.me/buy_itemc281.html]
[timeblox.me/buy_item73ca.html]
[timeblox.me/buy_itemd729.html]
[timeblox.me/buy_itema9d2.html]
[timeblox.me/buy_item5c8d.html]
[timeblox.me/buy_item651a.html]
[timeblox.me/buy_item39d7.html]
[timeblox.me/buy_item374c.html]
[timeblox.me/buy_item6d44.html]
[timeblox.me/buy_item0f0e.html]
[timeblox.me/buy_item5cee.html]
[timeblox.me/buy_itemb182.html]
[timeblox.me/buy_item1a85.html]
[timeblox.me/buy_item4133.html]
[timeblox.me/buy_iteme935.html]
[timeblox.me/buy_item97d4.html]
[timeblox.me/buy_item47c2.html]
[timeblox.me/buy_itema2ea.html]
[timeblox.me/buy_itemec28.html]
[timeblox.me/buy_item662f.html]
[timeblox.me/web/20080724152249/http_/www.roblox.com/Forum/ShowForumba04.html]
[timeblox.me/web/20080724152249/http_/www.roblox.com/Forum/ShowPost2f3e.html]
[timeblox.me/forums/postreply2681a.html]
[timeblox.me/user03db.html]
[timeblox.me/user4b61.html]
[timeblox.me/usere8f5.html]
[timeblox.me/userf546.html]
[timeblox.me/usere5b0.html]
[timeblox.me/user98dc.html]
[timeblox.me/user475d.html]
[timeblox.me/user2787.html]
[timeblox.me/forums/postreply27429.html]
[timeblox.me/user03ea.html]
[timeblox.me/forums/postreply287f1.html]
[timeblox.me/forums/postreply2e5cc.html]
[timeblox.me/user5445.html]
[timeblox.me/forums/postreply2a9bc.html]
[timeblox.me/forums/postreply2e371.html]
[timeblox.me/forums/postreply2190a.html]
[timeblox.me/forums/postreply22728.html]
[timeblox.me/forums/postreply26e03.html]
[timeblox.me/forums/postreply24ef9.html]
[timeblox.me/forums/postreply20055.html]
[timeblox.me/forums/postreply2f41b.html]
[timeblox.me/forums/postreply25255.html]
[timeblox.me/forums/postreply23a9f.html]
[timeblox.me/forums/postreply2d61c.html]
[timeblox.me/forums/postreply2c3c9.html]
[timeblox.me/forums/postreply2dcfd.html]
[timeblox.me/forums/postreply2d708.html]
[timeblox.me/forums/postreply20b30.html]
[timeblox.me/user5384.html]
[timeblox.me/forums/postreply28803.html]
[timeblox.me/user87f1.html]
